FM_TEST_BEGIN 2026-09-22T07:05:44Z tests/fm-brief.test.sh family=pure-contract-unit expected_gate_skip=none
FM_TEST_BEGIN 2026-09-22T07:05:44Z tests/fm-test-run.test.sh family=pure-contract-unit expected_gate_skip=none
ok - fm-brief: scaffolds leave the worker role scope to the launch boundary and keep the secondmate contract
ok - fm-brief.sh: bash -n succeeds
/private/var/folders/c7/bb78qxx56b52ttgxx5bmdknm0000gn/T/fm-test-run.ezczAQ/w1/tmp/fm-brief.GY7puJ/heredoc-in-substitution.sh:2
ok - fm-brief.sh: no heredoc is nested inside a command substitution (Bash 3.2 parse-safe)
ok - fm-brief.sh: --help renders the complete header
ok - fm-brief.sh: no-mistakes/direct-PR/local-only briefs generate cleanly
ok - fm-brief.sh: ship --mode is required and closed-set validated
ok - fm-brief.sh: the explicit ship mode wins over the registered posture
ok - fm-brief.sh: --yolo and scout/secondmate --mode are refused, never silently dropped
ok - fm-brief.sh: faster paths use configured authority without stacked review
ok - fm-brief.sh: no-mistakes DOD keeps its apostrophe prose and bans --yes outright
ok - fm-brief.sh: no-mistakes ask-user findings use one event plus a verbatim snapshot
ok - fm-brief.sh: ship project-memory wording carries the AGENTS.md authoring bar
ok - fm-brief.sh: --herdr-lab emits the complete hard safety contract
ok - fm-brief.sh: --herdr-lab uses its quoted Firstmate-owned helper path
ok - fm-brief.sh: ship and scout scaffolds make omitted Herdr intent fail-visible
ok - fm-brief.sh: the documented {TASK} and {FIRSTMATE_SPEC} fills cannot corrupt the Herdr safety gate
ok - fm-brief.sh: Herdr lab contract covers scouts and rejects secondmate misuse
ok - fm-brief.sh: --no-projects scaffolds a project-less charter and guards misuse
ok - fm-brief.sh: marked requests avoid generic acknowledgements and preserve material reporting
ok - fm-brief.sh: relative directory inputs ignore CDPATH, render stable absolute charter paths, or fail loudly
ok - fm-brief.sh: custom pause verb renders in every scaffold
ok - fm-brief.sh: ship and scout scaffolds teach validation-round pauses
ok - fm-brief.sh: investigation and visual-review completions load the shared decision policy
ok - fm-brief: scout and secondmate code paths still scaffold well-formed briefs
ok - fm-brief.sh: scout Lavish hosting follows the bootstrap lavish-axi floor
ok - fm-brief.sh: the home brief include lands last on ship and scout, verbatim, and fails closed
FM_TEST_END 2026-09-22T07:05:53Z tests/fm-brief.test.sh exit=0 duration_ms=8094 gate_skip=false
ok - exact suite coverage: --all lists every tests/*.test.sh once
ok - family selection returns a proper subset of the suite
ok - single-script selection lists exactly that path
ok - changed-file selection stays conservative (never silent full suite)
ok - a task marker refuses execution in the primary checkout and leaves worktrees and inspection alone
ok - runner and its documentation surfaces select their curated family, not just their contract owners
ok - shell line-ending policy selects runner coverage
fm-test-run: no tests selected for changes vs HEAD (map is conservative; use --all for the complete suite)
ok - changed selection covers dependents, fails closed for live unmapped source, and accepts retired unconsumed source
ok - a bin reference selects the referencing scripts, and consumers still select their curated families
ok - changed defaults to bounded automatic scheduling with serial override
ok - Windows emulation exempts only synthetic POSIX modes
ok - a plain script list defaults to bounded automatic concurrency without an automatic timeout
ok - family proofs run concurrently only within separate family phases
ok - empty changed selection emits deterministic text and JSON summaries
ok - timing markers and JSON artifact are valid
ok - aggregate exit reflects any script failure
ok - gate-skip accounting is honest and non-failing
ok - a gate skip records why it skipped
ok - a script that actually ran records no skip reason
ok - live guards are recorded as a capability class, not a bare env opt-in
ok - fail-on-gate-skip converts herdr-not-found into a hard failure
ok - exclude-family drops the named primary family after selection
ok - proven-isolated scheduling ignores parallel hints
ok - family, all, changed, and script selections ignore parallel hints
ok - portable shard union, disjointness, and coverage guard hold
ok - portable parallel lanes are fully hinted and packed within 5% of each other
ok - portable serial shards are a deterministic disjoint cover of the serial lane
ok - coverage guard reports and bounds the unmeasured portable serial share
ok - portable serial shard lanes refuse mismatched, out-of-range, and countless names
ok - --jobs refuses non-proven / stateful selections
ok - --jobs admits and schedules a family with a recorded concurrent proof
ok - an unclassified new test stays serial while the proven residual family runs concurrently
ok - a changed shared test fixture selects its readers while an unread tests/ path still refuses
ok - Jev runtime artifacts select the suites that load them, and only those
ok - a concurrent run starts the longest-hint script first
ok - --per-script-timeout-secs turns a hung script into a bounded failure
ok - --max-wall-ms fails an over-budget run and refuses a malformed budget
ok - jobs scheduler runs proven scripts; failure propagates; non-proven refused
ok - Herdr CI family-run step times out at 20 min under a 75 min job backstop
ok - aggregate-json merges lane timing artifacts
FM_TEST_END 2026-09-22T07:08:35Z tests/fm-test-run.test.sh exit=0 duration_ms=170535 gate_skip=false
FM_TEST_BEGIN 2026-09-22T07:08:35Z tests/fm-omp-harness.test.sh family=pure-contract-unit expected_gate_skip=none
ok - fm-harness: omp detects by its anchored name; the marker is a precedence override that needs real omp ancestry
ok - session lock and tmux liveness: omp is anchored, decoys stay out
ok - fm-spawn: the omp launch line clears markers, pins posture, and wires the state-resident extension
ok - fm-spawn: omp model validation is scoped to providers the listing can prove
ok - fm-spawn: OMP secondmates rely on discovery while workers load task and Jev extensions
ok - fm-spawn: the config/secondmate-harness model pin is validated against the omp catalog before launch
ok - omp extension: agent_start busy, willContinue stays busy, plain agent_end idle, turn_end a notification
ok - control, composer, and supervision-model tables carry omp's verified values
ok - fm-wake-lib: the omp ownership proof is keyed on its own extensions and gates the hand-off tolerance
ok - .omp turn-end guard: digest delivery, seatbelt block, one compelled continuation, flagged stop stands down
ok - .omp watch extension: fm_watch_arm_omp arms once, repeats as a no-op, and delivers an actionable close as one follow-up
ok - .omp calm extension: silent while off, /calm persists and session_start/session_switch reload the shared preference, boat and footer report only observed run state, waiting for you holds across overlapping approvals and an open ask
FM_TEST_END 2026-09-22T07:09:28Z tests/fm-omp-harness.test.sh exit=0 duration_ms=53052 gate_skip=false
FM_TEST_BEGIN 2026-09-22T07:09:28Z tests/fm-jev-compaction.test.sh family=unclassified expected_gate_skip=none
ok - Jev compaction and review Node behavior suites passed
FM_TEST_END 2026-09-22T07:09:29Z tests/fm-jev-compaction.test.sh exit=0 duration_ms=519 gate_skip=false
FM_TEST_BEGIN 2026-09-22T07:09:29Z tests/fm-jev-desktop.test.sh family=unclassified expected_gate_skip=none
ok - Jev desktop refuses missing key/consent/script, preserves failures, and supplies only child environment credentials
FM_TEST_END 2026-09-22T07:09:29Z tests/fm-jev-desktop.test.sh exit=0 duration_ms=422 gate_skip=false
FM_TEST_SUMMARY total=5 failed=0 skipped_gate=0 duration_ms=224879
FM_TEST_SUMMARY_FAMILY family=pure-contract-unit count=3 duration_ms=231681 failed=0
FM_TEST_SUMMARY_FAMILY family=unclassified count=2 duration_ms=941 failed=0
FM_TEST_SLOWEST rank=1 script=tests/fm-test-run.test.sh duration_ms=170535
FM_TEST_SLOWEST rank=2 script=tests/fm-omp-harness.test.sh duration_ms=53052
FM_TEST_SLOWEST rank=3 script=tests/fm-brief.test.sh duration_ms=8094
FM_TEST_SLOWEST rank=4 script=tests/fm-jev-compaction.test.sh duration_ms=519
FM_TEST_SLOWEST rank=5 script=tests/fm-jev-desktop.test.sh duration_ms=422
EXIT=0
