evidence tools-550k: {"approxTokens":551190,"contextWindow":272000,"compactSuccess":true,"compactError":null,"endpointHits":1,"markerLeaked":false,"durationMs":2284,"jevStderr":["[fm-jev-compaction] Jev compaction: kept 0, truncated 0, dropped 106 of 107 calls (99% reduction of the whole context, ~8454 of 115699 budget tokens)"],"installed":{"summaryChars":23325,"summaryHasKept":true,"summaryHasMarker":false,"jev":{"kept":0,"dropped":106,"candidateCalls":107,"reductionRatio":0.9897800194192192,"summaryTokens":8454,"budget":{"contextWindow":272000,"trigger":231200,"progressCeiling":184960,"reserve":40800,"recentTokens":23318,"systemPromptTokens":5143,"budgetTokens":115699}}}}
ok - tools-550k: real omp installs the Jev replacement for a ~551190-token tool-heavy history (budget 115699 tokens, ~8454 used)
evidence text-550k: {"approxTokens":550302,"contextWindow":272000,"compactSuccess":true,"compactError":null,"endpointHits":0,"markerLeaked":false,"durationMs":2536,"jevStderr":["[fm-jev-compaction] falling back to native omp compaction: reduction 0% of the whole context below minimum even if Jev dropped every candidate call","[fm-jev-compaction] falling back to native omp compaction: reduction 0% of the whole context below minimum even if Jev dropped every candidate call"],"installed":null}
ok - text-550k: irreducible prose falls back with zero requests and omp's native snapcompact method completes the compaction instead
evidence mixed-550k: {"approxTokens":551605,"contextWindow":272000,"compactSuccess":true,"compactError":null,"endpointHits":0,"markerLeaked":false,"durationMs":2581,"jevStderr":["[fm-jev-compaction] falling back to native omp compaction: even if Jev dropped every candidate call, the carried summary and the verbatim text the library cannot prune are ~338986 tokens, over the 119075-token retained-context budget for a 272000-token model","[fm-jev-compaction] falling back to native omp compaction: even if Jev dropped every candidate call, the carried summary and the verbatim text the library cannot prune are ~338986 tokens, over the 119075-token retained-context budget for a 272000-token model"],"installed":null}
ok - mixed-550k: 110 droppable listings beside prose over the budget make zero requests and omp's native snapcompact method completes the compaction instead
evidence secrets-on: {"approxTokens":75224,"contextWindow":272000,"compactSuccess":true,"compactError":null,"endpointHits":0,"markerLeaked":false,"durationMs":2050,"jevStderr":["[fm-jev-compaction] falling back to native omp compaction: omp Hide Secrets is on (omp config get secrets.enabled) and the hook receives the un-redacted region","[fm-jev-compaction] falling back to native omp compaction: omp Hide Secrets is on (omp config get secrets.enabled) and the hook receives the un-redacted region"],"installed":null}
ok - secrets-on: real omp's config get answers true from inside the session and the hook declines before any request
evidence shadow-A: {"approxTokens":75224,"contextWindow":272000,"compactSuccess":true,"compactError":null,"endpointHits":0,"markerLeaked":false,"durationMs":2042,"jevStderr":["[fm-jev-compaction] falling back to native omp compaction: omp Hide Secrets is on (omp config get secrets.enabled) and the hook receives the un-redacted region","[fm-jev-compaction] falling back to native omp compaction: omp Hide Secrets is on (omp config get secrets.enabled) and the hook receives the un-redacted region"],"installed":null}
ok - shadow-A: a bare project secrets: group leaves omp's effective switch on, and the hook follows omp
evidence overlay-on: {"approxTokens":75224,"contextWindow":272000,"compactSuccess":true,"compactError":null,"endpointHits":0,"markerLeaked":false,"durationMs":2036,"jevStderr":["[fm-jev-compaction] falling back to native omp compaction: omp Hide Secrets is on (--config overlay /private/var/folders/c7/bb78qxx56b52ttgxx5bmdknm0000gn/T/fm-jev-compaction-live-e2e.9tO1Qx/overlay-on.yml) and the hook receives the un-redacted region","[fm-jev-compaction] falling back to native omp compaction: omp Hide Secrets is on (--config overlay /private/var/folders/c7/bb78qxx56b52ttgxx5bmdknm0000gn/T/fm-jev-compaction-live-e2e.9tO1Qx/overlay-on.yml) and the hook receives the un-redacted region"],"installed":null}
ok - overlay-on: a --config overlay turning Hide Secrets on is honored from the real launch argv
evidence worker: {"approxTokens":75224,"contextWindow":272000,"compactSuccess":true,"compactError":null,"endpointHits":1,"markerLeaked":false,"durationMs":1938,"jevStderr":["[fm-jev-compaction] Jev compaction: kept 0, truncated 0, dropped 17 of 18 calls (94% reduction of the whole context, ~4921 of 110030 budget tokens)"],"installed":{"summaryChars":13232,"summaryHasKept":true,"summaryHasMarker":false,"jev":{"kept":0,"dropped":17,"candidateCalls":18,"reductionRatio":0.9428556289987151,"summaryTokens":4921,"budget":{"contextWindow":272000,"trigger":231200,"progressCeiling":184960,"reserve":40800,"recentTokens":28987,"systemPromptTokens":5143,"budgetTokens":110030}}}}
ok - worker: the tracked .omp/fm-worker-overlay.yml launch posture proceeds and installs
evidence no-key: {"approxTokens":75224,"contextWindow":272000,"compactSuccess":true,"compactError":null,"endpointHits":0,"markerLeaked":false,"durationMs":1965,"jevStderr":[],"installed":null}
ok - no-key: no hooks/tools or Jev requests; native compaction completes
evidence review: {"approxTokens":45034,"contextWindow":272000,"compactSuccess":null,"compactError":null,"endpointHits":3,"markerLeaked":false,"durationMs":2310,"jevStderr":[],"installed":null}
ok - review: duplicate loads register once; real reviewer child uses Jev and returns scores; upstream rescore delta is +5
evidence review-no-key: {"approxTokens":45034,"contextWindow":272000,"compactSuccess":null,"compactError":null,"endpointHits":0,"markerLeaked":false,"durationMs":1980,"jevStderr":[],"installed":null}
ok - review-no-key: omp drops the unregistered jev_review from the reviewer definition; the child spawns read-only, reports Jev unavailable and completes
evidence review-protected: {"approxTokens":45034,"contextWindow":272000,"compactSuccess":null,"compactError":null,"endpointHits":0,"markerLeaked":false,"durationMs":2223,"jevStderr":[],"installed":null}
ok - review-protected: real OMP protection refuses all review uploads
