FM_TEST_BEGIN 2026-09-29T21:15:49Z tests/fm-pi-branch-extension.test.sh family=standalone expected_gate_skip=none
not ok - Pi outcomes rendering consumers must preserve stock behavior: file:///private/var/folders/c7/bb78qxx56b52ttgxx5bmdknm0000gn/T/fm-pi-branch-extension.Ub7z15/stock-render-consumers/[eval1]:71
  throw new Error("Calm-off ToolExecutionComponent rendering differs from Pi stock");
        ^

Error: Calm-off ToolExecutionComponent rendering differs from Pi stock
    at file:///private/var/folders/c7/bb78qxx56b52ttgxx5bmdknm0000gn/T/fm-pi-branch-extension.Ub7z15/stock-render-consumers/[eval1]:71:9
    at process.processTicksAndRejections (node:internal/process/task_queues:103:5)

Node.js v24.11.1: expected exit 0, got 1
FM_TEST_END 2026-09-29T21:15:50Z tests/fm-pi-branch-extension.test.sh exit=1 duration_ms=1281 gate_skip=false
FM_TEST_BEGIN 2026-09-29T21:15:50Z tests/fm-calm-pi-extension.test.sh family=pure-contract-unit expected_gate_skip=none
ok - Pi calm resolves its persistent home independently of Pi's launch directory
ok - Pi calm compatibility evidence never rejects a Pi version for being newer than 0.82.0, and still fails closed on a missing or malformed version
ok - a missing collapsed-thinking presentation API degrades only that Calm adapter with a clear skip reason, while the rest of Calm still registers
ok - missing Pi presentation class exports reach the independent adapter degradation path
ok - Calm registers none of its 7 built-in tool wrappers at load while config/calm is off, and all 7 synchronously at load while config/calm is on
ok - Calm's first same-session /calm activation claims every uncontested built-in, leaves a foreign bash tool fully intact and callable, warns prominently and logs the contested name, and only rows constructed before that activation - the documented bound - fail to retroactively collapse
ok - Pi calm centralizes transcript visibility, preserves execution/export data, keeps Pi's stock working row visible while no run is active, and persists its choice across session starts
ok - Pi calm on collapses mid-turn assistant working notes to zero height while Calm off keeps them, leaves streaming, truncated-final, and genuine final replies untouched, never mutates the messages, ignores every /calm argument, and restores a legacy persisted max as ordinary Calm on
ok - Pi operational follow-up E2E processes exact user-role notifications once while Calm hides current and adjacent rows, Calm off and absent render them, and restart preserves semantics
ok - Pi Calm native /skill:ahoy geometry keeps every collapsed thinking and tool block at zero height while preserving expansion, history, restart, and Calm-off rendering
ok - Pi Calm working ship keeps its centered two-row asymmetric Unicode boat inside a deterministic long-wave trough, paints all water standard blue and the whole boat standard yellow with balanced resets, keeps ANSI-stripped width exact, reverses cleanly at both edges and every width, clamps visible and hidden resizes, falls back deterministically when narrow, freezes and resumes across settle/start without hidden-time jumps or duplicate timers, resets only on a fresh session, and leaves Calm-off visibility untouched
ok - the rendered-export-DOM guard renders in one pass, retries a bounded number of Chrome start-up failures, and reports the Chrome binary, Chrome version, Pi version, exit status, and Chrome diagnostic when every attempt fails
not ok - rendered export DOM violated the Calm conversation boundary
FM_TEST_END 2026-09-29T21:16:33Z tests/fm-calm-pi-extension.test.sh exit=1 duration_ms=42494 gate_skip=false
FM_TEST_SUMMARY total=2 failed=2 skipped_gate=0 duration_ms=43973
FM_TEST_SUMMARY_FAMILY family=pure-contract-unit count=1 duration_ms=42494 failed=1
FM_TEST_SUMMARY_FAMILY family=standalone count=1 duration_ms=1281 failed=1
FM_TEST_SLOWEST rank=1 script=tests/fm-calm-pi-extension.test.sh duration_ms=42494
FM_TEST_SLOWEST rank=2 script=tests/fm-pi-branch-extension.test.sh duration_ms=1281
